<span class="ids-tag" part="tag" style=""><slot></slot></span>