<ids-image initials="mn" round="true" tabindex="0" color="blue"></ids-image>