<ids-toggle-button id="test-favorite-button" icon-on="heart-filled" icon-off="heart-outlined" color="red" text-off="Favorite" text-on="Favorited" icon="heart-outlined"><ids-icon icon="heart-outlined" class="ids-icon"></ids-icon><span>Favorite</span></ids-toggle-button>