<ids-accordion>
          <ids-accordion-panel title="test-custom-title">
            <ids-accordion-header slot="header" aria-expanded="false" expander-type="caret">
              <ids-text font-size="16">Warehouse Location</ids-text>
            </ids-accordion-header>
            <ids-text slot="content">
              <ids-layout-grid auto-fit="" padding="xs" cols="1" class="ids-layout-grid">
                Remix, optimize, "B2B, iterate?" Best-of-breed efficient beta-test; social cutting-edge: rich magnetic tagclouds
                front-end infomediaries viral authentic incentivize sexy extensible functionalities incentivize. Generate killer
                authentic grow vertical blogospheres, functionalities ecologies harness, "tag solutions synergies exploit data-driven B2C open-source e-markets optimize create, enhance convergence create." Out-of-the-box strategize best-of-breed back-end, deploy design markets metrics. Content web services enhance leading-edge Cluetrain, deliverables dot-com scalable. User-centric morph, back-end, synthesize mesh, frictionless, exploit next-generation tag portals, e-commerce channels; integrate; recontextualize distributed revolutionize innovative eyeballs.
              </ids-layout-grid>
            </ids-text>
          </ids-accordion-panel>
          <ids-accordion-panel>
            <ids-accordion-header slot="header" aria-expanded="false" expander-type="caret">
              <ids-text font-size="16">Sort By</ids-text>
            </ids-accordion-header>
            <ids-text slot="content">
              <ids-layout-grid auto-fit="" padding="xs" cols="1" class="ids-layout-grid">
                Remix, optimize, "B2B, iterate?" Best-of-breed efficient beta-test; social cutting-edge: rich magnetic tagclouds
                front-end infomediaries viral authentic incentivize sexy extensible functionalities incentivize. Generate killer
                authentic grow vertical blogospheres, functionalities ecologies harness, "tag solutions synergies exploit
                data-driven B2C open-source e-markets optimize create, enhance convergence create." Out-of-the-box strategize
                best-of-breed back-end, deploy design markets metrics. Content web services enhance leading-edge Cluetrain,
                deliverables dot-com scalable. User-centric morph, back-end, synthesize mesh, frictionless, exploit next-generation
                tag portals, e-commerce channels; integrate; recontextualize distributed revolutionize innovative eyeballs.
              </ids-layout-grid>
            </ids-text>
          </ids-accordion-panel>
          <ids-accordion-panel>
            <ids-accordion-header slot="header" aria-expanded="false" expander-type="caret">
              <ids-text font-size="16">Brand Name</ids-text>
            </ids-accordion-header>
            <ids-text slot="content">
              <ids-layout-grid auto-fit="" padding="xs" cols="1" class="ids-layout-grid">
                Remix, optimize, "B2B, iterate?" Best-of-breed efficient beta-test; social cutting-edge: rich magnetic tagclouds
                front-end infomediaries viral authentic incentivize sexy extensible functionalities incentivize. Generate killer
                authentic grow vertical blogospheres, functionalities ecologies harness, "tag solutions synergies exploit
                data-driven B2C open-source e-markets optimize create, enhance convergence create." Out-of-the-box strategize
                best-of-breed back-end, deploy design markets metrics. Content web services enhance leading-edge Cluetrain,
                deliverables dot-com scalable. User-centric morph, back-end, synthesize mesh, frictionless, exploit next-generation
                tag portals, e-commerce channels; integrate; recontextualize distributed revolutionize innovative eyeballs.
              </ids-layout-grid>
            </ids-text>
          </ids-accordion-panel>
          <ids-accordion-panel>
            <ids-accordion-header slot="header" aria-expanded="false" expander-type="caret">
              <ids-text font-size="16">Material</ids-text>
            </ids-accordion-header>
            <ids-text slot="content">
              <ids-layout-grid auto-fit="" padding="xs" cols="1" class="ids-layout-grid">
                Remix, optimize, "B2B, iterate?" Best-of-breed efficient beta-test; social cutting-edge: rich magnetic tagclouds
                front-end infomediaries viral authentic incentivize sexy extensible functionalities incentivize. Generate killer
                authentic grow vertical blogospheres, functionalities ecologies harness, "tag solutions synergies exploit
                data-driven B2C open-source e-markets optimize create, enhance convergence create." Out-of-the-box strategize
                best-of-breed back-end, deploy design markets metrics. Content web services enhance leading-edge Cluetrain,
                deliverables dot-com scalable. User-centric morph, back-end, synthesize mesh, frictionless, exploit next-generation
                tag portals, e-commerce channels; integrate; recontextualize distributed revolutionize innovative eyeballs.
              </ids-layout-grid>
            </ids-text>
          </ids-accordion-panel>
        </ids-accordion>