<ids-overlay></ids-overlay><ids-popup part="modal" class="ids-modal can-fullsize" type="modal" position-style="viewport" align="center" animation-style="none" width="" height="">
      <div class="ids-modal-container" slot="content">
        <div class="ids-modal-header">
          <slot name="title"></slot>
        </div>
        <div class="ids-modal-content has-scrollbar">
          <slot></slot>
        </div>
        <div class="ids-modal-footer">
          <slot name="buttons"></slot>
        </div>
      </div>
    </ids-popup>