<span class="ids-badge round" part="badge"><slot></slot></span>