
      <ids-slider
        type="single"
        label="4.6 of 100 stars"
        min="3"
        max="100"
        value="4.6"
        show-tooltip
        
        readonly
        
      >
      </ids-slider>
    