
      <span class="text-ellipsis">
        <ids-alert icon="confirm"tooltip="Demo Category"></ids-alert>
      </span>
    