<ids-image src="/src/assets/images/placeholder-154x120.png"></ids-image>