
      <span class="text-ellipsis">
        <ids-icon icon="confirm" size="large"></ids-icon><span>icon-closed-folder</span>
      </span>
    