
      <ids-progress-bar label="4.6 of 5" label-audible max="5" value="4.6" readonly>
      </ids-progress-bar>
    