
      <span class="text-ellipsis">
        <ids-alert icon="confirm"></ids-alert>
      </span>
    