<ids-image src="/src/assets/images/placeholder-154x120.png" alt="Image Alt/Title Text" title="Image Alt/Title Text"></ids-image>