<span class="text-ellipsis"><ids-color suppress-tooltip></ids-color></span>