
      <ids-slider
        type="single"
        label="4.6 of 100 stars"
        min="0"
        max="100"
        value="4.6"
        show-tooltip
        
        
        
      >
      </ids-slider>
    