
      <ids-progress-bar label="Progess Override" label-audible max="10" value="4.6" readonly>
      </ids-progress-bar>
    