
      <span class="text-ellipsis">
        <ids-alert icon="alert"tooltip="Demo Category"></ids-alert>
      </span>
    