
      <ids-step-chart
        step-number="10"
        steps-in-progress="5"
        value="4"
        progress-color="red-20"
        
        
      >
      </ids-step-chart>
    