<div class="ids-filter-field">
      <div class="field-container">
        <ids-menu-button id="operator-button" menu="operator-menu" icon="filter-equals" dropdown-icon="dropdown" aria-controls="operator-menu" aria-haspopup="menu" value="equals"><ids-icon icon="filter-equals" class="ids-icon"></ids-icon>
          <span class="audible">Icon only button</span>
        </ids-menu-button>
        <ids-popup-menu id="operator-menu" target="opereator-button" trigger-type="click" hidden="">
          <ids-menu-group select="single" role="group" aria-label="Menu group containing 2 item(s)"><ids-menu-item value="equals" icon="filter-equals" selected=""><ids-icon slot="icon" icon="filter-equals" part="icon" class="ids-icon ids-menu-item-display-icon"></ids-icon>Equals</ids-menu-item><ids-menu-item value="does-not-equal" icon="filter-does-not-equal"><ids-icon slot="icon" icon="filter-does-not-equal" part="icon" class="ids-icon ids-menu-item-display-icon"></ids-icon>Does Not Equal</ids-menu-item></ids-menu-group>
        </ids-popup-menu>
        <slot id="input-slot"></slot>
      </div>
    </div>