<ids-button id="test-button-primary" appearance="primary">
            <span>Button label</span>
          </ids-button>